20:13:03 **** Build of project test0_bsp ****
make -k all 
libgen -hw ../test_mb/system.xml\
	       \
	       -pe mb0 \
	       -log libgen.log \
	       system.mss
libgen
Xilinx EDK 14.7 Build EDK_P.20131013
Copyright (c) 1995-2012 Xilinx, Inc.  All rights reserved.

Command Line: libgen -hw ../test_mb/system.xml -pe mb0 -log libgen.log
system.mss 


Staging source files.
Running DRCs.
Running generate.
Running post_generate.
Running include - 'make -s include "COMPILER=mb-gcc" "ARCHIVER=mb-ar"
"COMPILER_FLAGS=-mlittle-endian -mxl-soft-mul -mno-xl-reorder -mcpu=v8.40.a  -O2
-c" "EXTRA_COMPILER_FLAGS=-g -ffunction-sections -fdata-sections"'.

Running libs - 'make -s libs "COMPILER=mb-gcc" "ARCHIVER=mb-ar"
"COMPILER_FLAGS=-mlittle-endian -mxl-soft-mul -mno-xl-reorder -mcpu=v8.40.a  -O2
-c" "EXTRA_COMPILER_FLAGS=-g -ffunction-sections -fdata-sections"'.
"Compiling common"
"Compiling standalone";
"Compiling bram"
"Compiling iomodule"
"Compiling cpu"
Running execs_generate.
'Finished building libraries'
20:13:12 **** Build of configuration Debug for project test0 ****
make all 
'Building file: ../src/testperiph.c'
'Invoking: MicroBlaze gcc compiler'
mb-gcc -Wall -O0 -g3 -c -fmessage-length=0 -I../../test0_bsp/mb0/include -mno-xl-reorder -mlittle-endian -mcpu=v8.40.a -mxl-soft-mul -Wl,--no-relax -ffunction-sections -fdata-sections -MMD -MP -MF"src/testperiph.d" -MT"src/testperiph.d" -o "src/testperiph.o" "../src/testperiph.c"
'Finished building: ../src/testperiph.c'
' '
'Building file: ../src/xiomodule_selftest_example.c'
'Invoking: MicroBlaze gcc compiler'
mb-gcc -Wall -O0 -g3 -c -fmessage-length=0 -I../../test0_bsp/mb0/include -mno-xl-reorder -mlittle-endian -mcpu=v8.40.a -mxl-soft-mul -Wl,--no-relax -ffunction-sections -fdata-sections -MMD -MP -MF"src/xiomodule_selftest_example.d" -MT"src/xiomodule_selftest_example.d" -o "src/xiomodule_selftest_example.o" "../src/xiomodule_selftest_example.c"
'Finished building: ../src/xiomodule_selftest_example.c'
' '
'Building target: test0.elf'
'Invoking: MicroBlaze gcc linker'
mb-gcc -Wl,-T -Wl,../src/lscript.ld -L../../test0_bsp/mb0/lib -mlittle-endian -mcpu=v8.40.a -mxl-soft-mul -Wl,--no-relax -Wl,--gc-sections -o "test0.elf"  ./src/testperiph.o ./src/xiomodule_selftest_example.o   -Wl,--start-group,-lxil,-lgcc,-lc,--end-group
c:/xilinx/14.7/ise_ds/edk/gnu/microblaze/nt/bin/../lib/gcc/microblaze-xilinx-elf/4.6.4/../../../../microblaze-xilinx-elf/bin/ld.exe: test0.elf section `.stack' will not fit in region `ilmb_cntlr_dlmb_cntlr'
c:/xilinx/14.7/ise_ds/edk/gnu/microblaze/nt/bin/../lib/gcc/microblaze-xilinx-elf/4.6.4/../../../../microblaze-xilinx-elf/bin/ld.exe: region `ilmb_cntlr_dlmb_cntlr' overflowed by 808 bytes
collect2: ld returned 1 exit status
make: *** [test0.elf] Ошибка 1
20:13:42 **** Auto Build of configuration Debug for project test0 ****
make all 
'Building file: ../src/testperiph.c'
'Invoking: MicroBlaze gcc compiler'
mb-gcc -Wall -O0 -g3 -c -fmessage-length=0 -I../../test0_bsp/mb0/include -mno-xl-reorder -mlittle-endian -mcpu=v8.40.a -mxl-soft-mul -Wl,--no-relax -ffunction-sections -fdata-sections -MMD -MP -MF"src/testperiph.d" -MT"src/testperiph.d" -o "src/testperiph.o" "../src/testperiph.c"
'Finished building: ../src/testperiph.c'
' '
'Building target: test0.elf'
'Invoking: MicroBlaze gcc linker'
mb-gcc -Wl,-T -Wl,../src/lscript.ld -L../../test0_bsp/mb0/lib -mlittle-endian -mcpu=v8.40.a -mxl-soft-mul -Wl,--no-relax -Wl,--gc-sections -o "test0.elf"  ./src/testperiph.o ./src/xiomodule_selftest_example.o   -Wl,--start-group,-lxil,-lgcc,-lc,--end-group
c:/xilinx/14.7/ise_ds/edk/gnu/microblaze/nt/bin/../lib/gcc/microblaze-xilinx-elf/4.6.4/../../../../microblaze-xilinx-elf/bin/ld.exe: test0.elf section `.stack' will not fit in region `ilmb_cntlr_dlmb_cntlr'
c:/xilinx/14.7/ise_ds/edk/gnu/microblaze/nt/bin/../lib/gcc/microblaze-xilinx-elf/4.6.4/../../../../microblaze-xilinx-elf/bin/ld.exe: region `ilmb_cntlr_dlmb_cntlr' overflowed by 808 bytes
collect2: ld returned 1 exit status
make: *** [test0.elf] Ошибка 1
20:21:42 **** Auto Build of configuration Debug for project test0 ****
make all 
'Building file: ../src/testperiph.c'
'Invoking: MicroBlaze gcc compiler'
mb-gcc -Wall -O0 -g3 -c -fmessage-length=0 -I../../test0_bsp/mb0/include -mno-xl-reorder -mlittle-endian -mcpu=v8.40.a -mxl-soft-mul -Wl,--no-relax -ffunction-sections -fdata-sections -MMD -MP -MF"src/testperiph.d" -MT"src/testperiph.d" -o "src/testperiph.o" "../src/testperiph.c"
'Finished building: ../src/testperiph.c'
' '
'Building target: test0.elf'
'Invoking: MicroBlaze gcc linker'
mb-gcc -Wl,-T -Wl,../src/lscript.ld -L../../test0_bsp/mb0/lib -mlittle-endian -mcpu=v8.40.a -mxl-soft-mul -Wl,--no-relax -Wl,--gc-sections -o "test0.elf"  ./src/testperiph.o ./src/xiomodule_selftest_example.o   -Wl,--start-group,-lxil,-lgcc,-lc,--end-group
'Finished building target: test0.elf'
' '
'Invoking: MicroBlaze Print Size'
mb-size test0.elf  |tee "test0.elf.size"
   text	   data	    bss	    dec	    hex	filename
   1850	    268	   2090	   4208	   1070	test0.elf
'Finished building: test0.elf.size'
' '
'Invoking: Xilinx ELF Check'
elfcheck test0.elf -hw ../../test_mb/system.xml -pe mb0  |tee "test0.elf.elfcheck"
elfcheck
Xilinx EDK 14.7 Build EDK_P.20131013
Copyright (c) 1995-2012 Xilinx, Inc.  All rights reserved.

Command Line: elfcheck -hw ../../test_mb/system.xml -pe mb0 test0.elf 

ELF file	: test0.elf
elfcheck passed.
'Finished building: test0.elf.elfcheck'
' '
20:22:20 **** Auto Build of configuration Debug for project test0 ****
make all 
'Building file: ../src/testperiph.c'
'Invoking: MicroBlaze gcc compiler'
mb-gcc -Wall -O0 -g3 -c -fmessage-length=0 -I../../test0_bsp/mb0/include -mno-xl-reorder -mlittle-endian -mcpu=v8.40.a -mxl-soft-mul -Wl,--no-relax -ffunction-sections -fdata-sections -MMD -MP -MF"src/testperiph.d" -MT"src/testperiph.d" -o "src/testperiph.o" "../src/testperiph.c"
../src/testperiph.c: In function 'main':
../src/testperiph.c:40:12: warning: variable 'mod' set but not used [-Wunused-but-set-variable]
'Finished building: ../src/testperiph.c'
' '
'Building target: test0.elf'
'Invoking: MicroBlaze gcc linker'
mb-gcc -Wl,-T -Wl,../src/lscript.ld -L../../test0_bsp/mb0/lib -mlittle-endian -mcpu=v8.40.a -mxl-soft-mul -Wl,--no-relax -Wl,--gc-sections -o "test0.elf"  ./src/testperiph.o ./src/xiomodule_selftest_example.o   -Wl,--start-group,-lxil,-lgcc,-lc,--end-group
'Finished building target: test0.elf'
' '
'Invoking: MicroBlaze Print Size'
mb-size test0.elf  |tee "test0.elf.size"
   text	   data	    bss	    dec	    hex	filename
   1854	    268	   2084	   4206	   106e	test0.elf
'Finished building: test0.elf.size'
' '
'Invoking: Xilinx ELF Check'
elfcheck test0.elf -hw ../../test_mb/system.xml -pe mb0  |tee "test0.elf.elfcheck"
elfcheck
Xilinx EDK 14.7 Build EDK_P.20131013
Copyright (c) 1995-2012 Xilinx, Inc.  All rights reserved.

Command Line: elfcheck -hw ../../test_mb/system.xml -pe mb0 test0.elf 

ELF file	: test0.elf
elfcheck passed.
'Finished building: test0.elf.elfcheck'
' '
20:22:23 **** Auto Build of configuration Debug for project test0 ****
make all 
'Building file: ../src/testperiph.c'
'Invoking: MicroBlaze gcc compiler'
mb-gcc -Wall -O0 -g3 -c -fmessage-length=0 -I../../test0_bsp/mb0/include -mno-xl-reorder -mlittle-endian -mcpu=v8.40.a -mxl-soft-mul -Wl,--no-relax -ffunction-sections -fdata-sections -MMD -MP -MF"src/testperiph.d" -MT"src/testperiph.d" -o "src/testperiph.o" "../src/testperiph.c"
../src/testperiph.c: In function 'main':
../src/testperiph.c:40:12: warning: variable 'mod' set but not used [-Wunused-but-set-variable]
'Finished building: ../src/testperiph.c'
' '
'Building target: test0.elf'
'Invoking: MicroBlaze gcc linker'
mb-gcc -Wl,-T -Wl,../src/lscript.ld -L../../test0_bsp/mb0/lib -mlittle-endian -mcpu=v8.40.a -mxl-soft-mul -Wl,--no-relax -Wl,--gc-sections -o "test0.elf"  ./src/testperiph.o ./src/xiomodule_selftest_example.o   -Wl,--start-group,-lxil,-lgcc,-lc,--end-group
'Finished building target: test0.elf'
' '
'Invoking: MicroBlaze Print Size'
mb-size test0.elf  |tee "test0.elf.size"
   text	   data	    bss	    dec	    hex	filename
   1854	    268	   2084	   4206	   106e	test0.elf
'Finished building: test0.elf.size'
' '
'Invoking: Xilinx ELF Check'
elfcheck test0.elf -hw ../../test_mb/system.xml -pe mb0  |tee "test0.elf.elfcheck"
elfcheck
Xilinx EDK 14.7 Build EDK_P.20131013
Copyright (c) 1995-2012 Xilinx, Inc.  All rights reserved.

Command Line: elfcheck -hw ../../test_mb/system.xml -pe mb0 test0.elf 

ELF file	: test0.elf
elfcheck passed.
'Finished building: test0.elf.elfcheck'
' '
20:23:06 **** Auto Build of configuration Debug for project test0 ****
make all 
'Building file: ../src/testperiph.c'
'Invoking: MicroBlaze gcc compiler'
mb-gcc -Wall -O0 -g3 -c -fmessage-length=0 -I../../test0_bsp/mb0/include -mno-xl-reorder -mlittle-endian -mcpu=v8.40.a -mxl-soft-mul -Wl,--no-relax -ffunction-sections -fdata-sections -MMD -MP -MF"src/testperiph.d" -MT"src/testperiph.d" -o "src/testperiph.o" "../src/testperiph.c"
'Finished building: ../src/testperiph.c'
' '
'Building target: test0.elf'
'Invoking: MicroBlaze gcc linker'
mb-gcc -Wl,-T -Wl,../src/lscript.ld -L../../test0_bsp/mb0/lib -mlittle-endian -mcpu=v8.40.a -mxl-soft-mul -Wl,--no-relax -Wl,--gc-sections -o "test0.elf"  ./src/testperiph.o ./src/xiomodule_selftest_example.o   -Wl,--start-group,-lxil,-lgcc,-lc,--end-group
'Finished building target: test0.elf'
' '
'Invoking: MicroBlaze Print Size'
mb-size test0.elf  |tee "test0.elf.size"
   text	   data	    bss	    dec	    hex	filename
   2062	    272	   2088	   4422	   1146	test0.elf
'Finished building: test0.elf.size'
' '
'Invoking: Xilinx ELF Check'
elfcheck test0.elf -hw ../../test_mb/system.xml -pe mb0  |tee "test0.elf.elfcheck"
elfcheck
Xilinx EDK 14.7 Build EDK_P.20131013
Copyright (c) 1995-2012 Xilinx, Inc.  All rights reserved.

Command Line: elfcheck -hw ../../test_mb/system.xml -pe mb0 test0.elf 

ELF file	: test0.elf
elfcheck passed.
'Finished building: test0.elf.elfcheck'
' '
20:36:18 **** Auto Build of project test0_bsp ****
make -k all 
'Finished building libraries'
20:36:22 **** Clean-only build of project test0_bsp ****
make -k clean 
rm -rf mb0
20:36:23 **** Clean-only build of configuration Debug for project test0 ****
make clean 
rm -rf  ./src/testperiph.o ./src/xiomodule_selftest_example.o  ./src/testperiph.d ./src/xiomodule_selftest_example.d  test0.elf.size  test0.elf.elfcheck  test0.elf
' '
20:36:23 **** Build of project test0_bsp ****
make -k all 
libgen -hw ../test_mb/system.xml\
	       \
	       -pe mb0 \
	       -log libgen.log \
	       system.mss
libgen
Xilinx EDK 14.7 Build EDK_P.20131013
Copyright (c) 1995-2012 Xilinx, Inc.  All rights reserved.

Command Line: libgen -hw ../test_mb/system.xml -pe mb0 -log libgen.log
system.mss 


Staging source files.
Running DRCs.
Running generate.
Running post_generate.
Running include - 'make -s include "COMPILER=mb-gcc" "ARCHIVER=mb-ar"
"COMPILER_FLAGS=-mlittle-endian -mxl-soft-mul -mno-xl-reorder -mcpu=v8.40.a  -O2
-c" "EXTRA_COMPILER_FLAGS=-g -ffunction-sections -fdata-sections"'.

Running libs - 'make -s libs "COMPILER=mb-gcc" "ARCHIVER=mb-ar"
"COMPILER_FLAGS=-mlittle-endian -mxl-soft-mul -mno-xl-reorder -mcpu=v8.40.a  -O2
-c" "EXTRA_COMPILER_FLAGS=-g -ffunction-sections -fdata-sections"'.
"Compiling common"
"Compiling standalone";
"Compiling bram"
"Compiling iomodule"
"Compiling cpu"
Running execs_generate.
'Finished building libraries'
20:36:31 **** Build of configuration Debug for project test0 ****
make all 
'Building file: ../src/testperiph.c'
'Invoking: MicroBlaze gcc compiler'
mb-gcc -Wall -O0 -g3 -c -fmessage-length=0 -I../../test0_bsp/mb0/include -mno-xl-reorder -mlittle-endian -mcpu=v8.40.a -mxl-soft-mul -Wl,--no-relax -ffunction-sections -fdata-sections -MMD -MP -MF"src/testperiph.d" -MT"src/testperiph.d" -o "src/testperiph.o" "../src/testperiph.c"
'Finished building: ../src/testperiph.c'
' '
'Building file: ../src/xiomodule_selftest_example.c'
'Invoking: MicroBlaze gcc compiler'
mb-gcc -Wall -O0 -g3 -c -fmessage-length=0 -I../../test0_bsp/mb0/include -mno-xl-reorder -mlittle-endian -mcpu=v8.40.a -mxl-soft-mul -Wl,--no-relax -ffunction-sections -fdata-sections -MMD -MP -MF"src/xiomodule_selftest_example.d" -MT"src/xiomodule_selftest_example.d" -o "src/xiomodule_selftest_example.o" "../src/xiomodule_selftest_example.c"
'Finished building: ../src/xiomodule_selftest_example.c'
' '
'Building target: test0.elf'
'Invoking: MicroBlaze gcc linker'
mb-gcc -Wl,-T -Wl,../src/lscript.ld -L../../test0_bsp/mb0/lib -mlittle-endian -mcpu=v8.40.a -mxl-soft-mul -Wl,--no-relax -Wl,--gc-sections -o "test0.elf"  ./src/testperiph.o ./src/xiomodule_selftest_example.o   -Wl,--start-group,-lxil,-lgcc,-lc,--end-group
'Finished building target: test0.elf'
' '
'Invoking: MicroBlaze Print Size'
mb-size test0.elf  |tee "test0.elf.size"
   text	   data	    bss	    dec	    hex	filename
   2062	    272	   2088	   4422	   1146	test0.elf
'Finished building: test0.elf.size'
' '
'Invoking: Xilinx ELF Check'
elfcheck test0.elf -hw ../../test_mb/system.xml -pe mb0  |tee "test0.elf.elfcheck"
elfcheck
Xilinx EDK 14.7 Build EDK_P.20131013
Copyright (c) 1995-2012 Xilinx, Inc.  All rights reserved.

Command Line: elfcheck -hw ../../test_mb/system.xml -pe mb0 test0.elf 

ELF file	: test0.elf
ERROR:EDK:3165 - elfcheck failed!
The following sections did not fit into Processor  memory:
	Section .stack (0xD78 - 0x1177)

Try using the linker script generation tools to generate an ELF that maps
correctly to your hardware design.
'Finished building: test0.elf.elfcheck'
' '
20:44:24 **** Auto Build of project test0_bsp ****
make -k all 
'Finished building libraries'
20:44:27 **** Clean-only build of project test0_bsp ****
make -k clean 
rm -rf mb0
20:44:27 **** Clean-only build of configuration Debug for project test0 ****
make clean 
rm -rf  ./src/testperiph.o ./src/xiomodule_selftest_example.o  ./src/testperiph.d ./src/xiomodule_selftest_example.d  test0.elf.size  test0.elf.elfcheck  test0.elf
' '
20:44:28 **** Build of project test0_bsp ****
make -k all 
libgen -hw ../test_mb/system.xml\
	       \
	       -pe mb0 \
	       -log libgen.log \
	       system.mss
libgen
Xilinx EDK 14.7 Build EDK_P.20131013
Copyright (c) 1995-2012 Xilinx, Inc.  All rights reserved.

Command Line: libgen -hw ../test_mb/system.xml -pe mb0 -log libgen.log
system.mss 


Staging source files.
Running DRCs.
Running generate.
Running post_generate.
Running include - 'make -s include "COMPILER=mb-gcc" "ARCHIVER=mb-ar"
"COMPILER_FLAGS=-mlittle-endian -mxl-soft-mul -mno-xl-reorder -mcpu=v8.40.a  -O2
-c" "EXTRA_COMPILER_FLAGS=-g -ffunction-sections -fdata-sections"'.

Running libs - 'make -s libs "COMPILER=mb-gcc" "ARCHIVER=mb-ar"
"COMPILER_FLAGS=-mlittle-endian -mxl-soft-mul -mno-xl-reorder -mcpu=v8.40.a  -O2
-c" "EXTRA_COMPILER_FLAGS=-g -ffunction-sections -fdata-sections"'.
"Compiling common"
"Compiling standalone";
"Compiling bram"
"Compiling iomodule"
"Compiling cpu"
Running execs_generate.
'Finished building libraries'
20:44:36 **** Build of configuration Debug for project test0 ****
make all 
'Building file: ../src/testperiph.c'
'Invoking: MicroBlaze gcc compiler'
mb-gcc -Wall -O0 -g3 -c -fmessage-length=0 -I../../test0_bsp/mb0/include -mno-xl-reorder -mlittle-endian -mcpu=v8.40.a -mxl-soft-mul -Wl,--no-relax -ffunction-sections -fdata-sections -MMD -MP -MF"src/testperiph.d" -MT"src/testperiph.d" -o "src/testperiph.o" "../src/testperiph.c"
'Finished building: ../src/testperiph.c'
' '
'Building file: ../src/xiomodule_selftest_example.c'
'Invoking: MicroBlaze gcc compiler'
mb-gcc -Wall -O0 -g3 -c -fmessage-length=0 -I../../test0_bsp/mb0/include -mno-xl-reorder -mlittle-endian -mcpu=v8.40.a -mxl-soft-mul -Wl,--no-relax -ffunction-sections -fdata-sections -MMD -MP -MF"src/xiomodule_selftest_example.d" -MT"src/xiomodule_selftest_example.d" -o "src/xiomodule_selftest_example.o" "../src/xiomodule_selftest_example.c"
'Finished building: ../src/xiomodule_selftest_example.c'
' '
'Building target: test0.elf'
'Invoking: MicroBlaze gcc linker'
mb-gcc -Wl,-T -Wl,../src/lscript.ld -L../../test0_bsp/mb0/lib -mlittle-endian -mcpu=v8.40.a -mxl-soft-mul -Wl,--no-relax -Wl,--gc-sections -o "test0.elf"  ./src/testperiph.o ./src/xiomodule_selftest_example.o   -Wl,--start-group,-lxil,-lgcc,-lc,--end-group
'Finished building target: test0.elf'
' '
'Invoking: MicroBlaze Print Size'
mb-size test0.elf  |tee "test0.elf.size"
   text	   data	    bss	    dec	    hex	filename
   2062	    272	   2088	   4422	   1146	test0.elf
'Finished building: test0.elf.size'
' '
'Invoking: Xilinx ELF Check'
elfcheck test0.elf -hw ../../test_mb/system.xml -pe mb0  |tee "test0.elf.elfcheck"
elfcheck
Xilinx EDK 14.7 Build EDK_P.20131013
Copyright (c) 1995-2012 Xilinx, Inc.  All rights reserved.

Command Line: elfcheck -hw ../../test_mb/system.xml -pe mb0 test0.elf 

ELF file	: test0.elf
elfcheck passed.
'Finished building: test0.elf.elfcheck'
' '
20:51:47 **** Auto Build of project test0_bsp ****
make -k all 
libgen -hw ../test_mb/system.xml\
	       \
	       -pe mb0 \
	       -log libgen.log \
	       system.mss
libgen
Xilinx EDK 14.7 Build EDK_P.20131013
Copyright (c) 1995-2012 Xilinx, Inc.  All rights reserved.

Command Line: libgen -hw ../test_mb/system.xml -pe mb0 -log libgen.log
system.mss 


Staging source files.
Running DRCs.
Running generate.
Running post_generate.
Running include - 'make -s include "COMPILER=mb-gcc" "ARCHIVER=mb-ar"
"COMPILER_FLAGS=-mlittle-endian -mxl-soft-mul -mno-xl-reorder -mcpu=v8.40.a  -O2
-c" "EXTRA_COMPILER_FLAGS=-g -ffunction-sections -fdata-sections"'.

Running libs - 'make -s libs "COMPILER=mb-gcc" "ARCHIVER=mb-ar"
"COMPILER_FLAGS=-mlittle-endian -mxl-soft-mul -mno-xl-reorder -mcpu=v8.40.a  -O2
-c" "EXTRA_COMPILER_FLAGS=-g -ffunction-sections -fdata-sections"'.
"Compiling common"
"Compiling standalone";
"Compiling bram"
"Compiling iomodule"
"Compiling cpu"
Running execs_generate.
'Finished building libraries'
20:51:57 **** Auto Build of configuration Debug for project test0 ****
make all 
make: Цель `all' не требует выполнения команд.
20:51:58 **** Clean-only build of project test0_bsp ****
make -k clean 
rm -rf mb0
20:51:59 **** Clean-only build of configuration Debug for project test0 ****
make clean 
rm -rf  ./src/testperiph.o ./src/xiomodule_selftest_example.o  ./src/testperiph.d ./src/xiomodule_selftest_example.d  test0.elf.size  test0.elf.elfcheck  test0.elf
' '
20:51:59 **** Build of project test0_bsp ****
make -k all 
libgen -hw ../test_mb/system.xml\
	       \
	       -pe mb0 \
	       -log libgen.log \
	       system.mss
libgen
Xilinx EDK 14.7 Build EDK_P.20131013
Copyright (c) 1995-2012 Xilinx, Inc.  All rights reserved.

Command Line: libgen -hw ../test_mb/system.xml -pe mb0 -log libgen.log
system.mss 


Staging source files.
Running DRCs.
Running generate.
Running post_generate.
Running include - 'make -s include "COMPILER=mb-gcc" "ARCHIVER=mb-ar"
"COMPILER_FLAGS=-mlittle-endian -mxl-soft-mul -mno-xl-reorder -mcpu=v8.40.a  -O2
-c" "EXTRA_COMPILER_FLAGS=-g -ffunction-sections -fdata-sections"'.

Running libs - 'make -s libs "COMPILER=mb-gcc" "ARCHIVER=mb-ar"
"COMPILER_FLAGS=-mlittle-endian -mxl-soft-mul -mno-xl-reorder -mcpu=v8.40.a  -O2
-c" "EXTRA_COMPILER_FLAGS=-g -ffunction-sections -fdata-sections"'.
"Compiling common"
"Compiling standalone";
"Compiling bram"
"Compiling iomodule"
"Compiling cpu"
Running execs_generate.
'Finished building libraries'
20:52:08 **** Build of configuration Debug for project test0 ****
make all 
'Building file: ../src/testperiph.c'
'Invoking: MicroBlaze gcc compiler'
mb-gcc -Wall -O0 -g3 -c -fmessage-length=0 -I../../test0_bsp/mb0/include -mno-xl-reorder -mlittle-endian -mcpu=v8.40.a -mxl-soft-mul -Wl,--no-relax -ffunction-sections -fdata-sections -MMD -MP -MF"src/testperiph.d" -MT"src/testperiph.d" -o "src/testperiph.o" "../src/testperiph.c"
'Finished building: ../src/testperiph.c'
' '
'Building file: ../src/xiomodule_selftest_example.c'
'Invoking: MicroBlaze gcc compiler'
mb-gcc -Wall -O0 -g3 -c -fmessage-length=0 -I../../test0_bsp/mb0/include -mno-xl-reorder -mlittle-endian -mcpu=v8.40.a -mxl-soft-mul -Wl,--no-relax -ffunction-sections -fdata-sections -MMD -MP -MF"src/xiomodule_selftest_example.d" -MT"src/xiomodule_selftest_example.d" -o "src/xiomodule_selftest_example.o" "../src/xiomodule_selftest_example.c"
'Finished building: ../src/xiomodule_selftest_example.c'
' '
'Building target: test0.elf'
'Invoking: MicroBlaze gcc linker'
mb-gcc -Wl,-T -Wl,../src/lscript.ld -L../../test0_bsp/mb0/lib -mlittle-endian -mcpu=v8.40.a -mxl-soft-mul -Wl,--no-relax -Wl,--gc-sections -o "test0.elf"  ./src/testperiph.o ./src/xiomodule_selftest_example.o   -Wl,--start-group,-lxil,-lgcc,-lc,--end-group
'Finished building target: test0.elf'
' '
'Invoking: MicroBlaze Print Size'
mb-size test0.elf  |tee "test0.elf.size"
   text	   data	    bss	    dec	    hex	filename
   2062	    272	   2088	   4422	   1146	test0.elf
'Finished building: test0.elf.size'
' '
'Invoking: Xilinx ELF Check'
elfcheck test0.elf -hw ../../test_mb/system.xml -pe mb0  |tee "test0.elf.elfcheck"
elfcheck
Xilinx EDK 14.7 Build EDK_P.20131013
Copyright (c) 1995-2012 Xilinx, Inc.  All rights reserved.

Command Line: elfcheck -hw ../../test_mb/system.xml -pe mb0 test0.elf 

ELF file	: test0.elf
elfcheck passed.
'Finished building: test0.elf.elfcheck'
' '
21:03:09 **** Auto Build of project test0_bsp ****
make -k all 
'Finished building libraries'
21:03:12 **** Clean-only build of project test0_bsp ****
make -k clean 
rm -rf mb0
21:03:12 **** Clean-only build of configuration Debug for project test0 ****
make clean 
rm -rf  ./src/testperiph.o ./src/xiomodule_selftest_example.o  ./src/testperiph.d ./src/xiomodule_selftest_example.d  test0.elf.size  test0.elf.elfcheck  test0.elf
' '
21:03:13 **** Build of project test0_bsp ****
make -k all 
libgen -hw ../test_mb/system.xml\
	       \
	       -pe mb0 \
	       -log libgen.log \
	       system.mss
libgen
Xilinx EDK 14.7 Build EDK_P.20131013
Copyright (c) 1995-2012 Xilinx, Inc.  All rights reserved.

Command Line: libgen -hw ../test_mb/system.xml -pe mb0 -log libgen.log
system.mss 


Staging source files.
Running DRCs.
Running generate.
Running post_generate.
Running include - 'make -s include "COMPILER=mb-gcc" "ARCHIVER=mb-ar"
"COMPILER_FLAGS=-mlittle-endian -mxl-soft-mul -mno-xl-reorder -mcpu=v8.40.a  -O2
-c" "EXTRA_COMPILER_FLAGS=-g -ffunction-sections -fdata-sections"'.

Running libs - 'make -s libs "COMPILER=mb-gcc" "ARCHIVER=mb-ar"
"COMPILER_FLAGS=-mlittle-endian -mxl-soft-mul -mno-xl-reorder -mcpu=v8.40.a  -O2
-c" "EXTRA_COMPILER_FLAGS=-g -ffunction-sections -fdata-sections"'.
"Compiling common"
"Compiling standalone";
"Compiling bram"
"Compiling iomodule"
"Compiling cpu"
Running execs_generate.
'Finished building libraries'
21:03:22 **** Build of configuration Debug for project test0 ****
make all 
'Building file: ../src/testperiph.c'
'Invoking: MicroBlaze gcc compiler'
mb-gcc -Wall -O0 -g3 -c -fmessage-length=0 -I../../test0_bsp/mb0/include -mno-xl-reorder -mlittle-endian -mcpu=v8.40.a -mxl-soft-mul -Wl,--no-relax -ffunction-sections -fdata-sections -MMD -MP -MF"src/testperiph.d" -MT"src/testperiph.d" -o "src/testperiph.o" "../src/testperiph.c"
'Finished building: ../src/testperiph.c'
' '
'Building file: ../src/xiomodule_selftest_example.c'
'Invoking: MicroBlaze gcc compiler'
mb-gcc -Wall -O0 -g3 -c -fmessage-length=0 -I../../test0_bsp/mb0/include -mno-xl-reorder -mlittle-endian -mcpu=v8.40.a -mxl-soft-mul -Wl,--no-relax -ffunction-sections -fdata-sections -MMD -MP -MF"src/xiomodule_selftest_example.d" -MT"src/xiomodule_selftest_example.d" -o "src/xiomodule_selftest_example.o" "../src/xiomodule_selftest_example.c"
'Finished building: ../src/xiomodule_selftest_example.c'
' '
'Building target: test0.elf'
'Invoking: MicroBlaze gcc linker'
mb-gcc -Wl,-T -Wl,../src/lscript.ld -L../../test0_bsp/mb0/lib -mlittle-endian -mcpu=v8.40.a -mxl-soft-mul -Wl,--no-relax -Wl,--gc-sections -o "test0.elf"  ./src/testperiph.o ./src/xiomodule_selftest_example.o   -Wl,--start-group,-lxil,-lgcc,-lc,--end-group
'Finished building target: test0.elf'
' '
'Invoking: MicroBlaze Print Size'
mb-size test0.elf  |tee "test0.elf.size"
   text	   data	    bss	    dec	    hex	filename
   2062	    272	   2088	   4422	   1146	test0.elf
'Finished building: test0.elf.size'
' '
'Invoking: Xilinx ELF Check'
elfcheck test0.elf -hw ../../test_mb/system.xml -pe mb0  |tee "test0.elf.elfcheck"
elfcheck
Xilinx EDK 14.7 Build EDK_P.20131013
Copyright (c) 1995-2012 Xilinx, Inc.  All rights reserved.

Command Line: elfcheck -hw ../../test_mb/system.xml -pe mb0 test0.elf 

ELF file	: test0.elf
elfcheck passed.
'Finished building: test0.elf.elfcheck'
' '
21:06:12 **** Auto Build of configuration Debug for project test0 ****
make all 
'Building file: ../src/testperiph.c'
'Invoking: MicroBlaze gcc compiler'
mb-gcc -Wall -O0 -g3 -c -fmessage-length=0 -I../../test0_bsp/mb0/include -mno-xl-reorder -mlittle-endian -mcpu=v8.40.a -mxl-soft-mul -Wl,--no-relax -ffunction-sections -fdata-sections -MMD -MP -MF"src/testperiph.d" -MT"src/testperiph.d" -o "src/testperiph.o" "../src/testperiph.c"
'Finished building: ../src/testperiph.c'
' '
'Building target: test0.elf'
'Invoking: MicroBlaze gcc linker'
mb-gcc -Wl,-T -Wl,../src/lscript.ld -L../../test0_bsp/mb0/lib -mlittle-endian -mcpu=v8.40.a -mxl-soft-mul -Wl,--no-relax -Wl,--gc-sections -o "test0.elf"  ./src/testperiph.o ./src/xiomodule_selftest_example.o   -Wl,--start-group,-lxil,-lgcc,-lc,--end-group
'Finished building target: test0.elf'
' '
'Invoking: MicroBlaze Print Size'
mb-size test0.elf  |tee "test0.elf.size"
   text	   data	    bss	    dec	    hex	filename
   2062	    272	   2088	   4422	   1146	test0.elf
'Finished building: test0.elf.size'
' '
'Invoking: Xilinx ELF Check'
elfcheck test0.elf -hw ../../test_mb/system.xml -pe mb0  |tee "test0.elf.elfcheck"
elfcheck
Xilinx EDK 14.7 Build EDK_P.20131013
Copyright (c) 1995-2012 Xilinx, Inc.  All rights reserved.

Command Line: elfcheck -hw ../../test_mb/system.xml -pe mb0 test0.elf 

ELF file	: test0.elf
elfcheck passed.
'Finished building: test0.elf.elfcheck'
' '
