21:06:12 **** Auto Build of configuration Debug for project test0 ****
make all 
'Building file: ../src/testperiph.c'
'Invoking: MicroBlaze gcc compiler'
mb-gcc -Wall -O0 -g3 -c -fmessage-length=0 -I../../test0_bsp/mb0/include -mno-xl-reorder -mlittle-endian -mcpu=v8.40.a -mxl-soft-mul -Wl,--no-relax -ffunction-sections -fdata-sections -MMD -MP -MF"src/testperiph.d" -MT"src/testperiph.d" -o "src/testperiph.o" "../src/testperiph.c"
'Finished building: ../src/testperiph.c'
' '
'Building target: test0.elf'
'Invoking: MicroBlaze gcc linker'
mb-gcc -Wl,-T -Wl,../src/lscript.ld -L../../test0_bsp/mb0/lib -mlittle-endian -mcpu=v8.40.a -mxl-soft-mul -Wl,--no-relax -Wl,--gc-sections -o "test0.elf"  ./src/testperiph.o ./src/xiomodule_selftest_example.o   -Wl,--start-group,-lxil,-lgcc,-lc,--end-group
'Finished building target: test0.elf'
' '
'Invoking: MicroBlaze Print Size'
mb-size test0.elf  |tee "test0.elf.size"
   text	   data	    bss	    dec	    hex	filename
   2062	    272	   2088	   4422	   1146	test0.elf
'Finished building: test0.elf.size'
' '
'Invoking: Xilinx ELF Check'
elfcheck test0.elf -hw ../../test_mb/system.xml -pe mb0  |tee "test0.elf.elfcheck"
elfcheck
Xilinx EDK 14.7 Build EDK_P.20131013
Copyright (c) 1995-2012 Xilinx, Inc.  All rights reserved.

Command Line: elfcheck -hw ../../test_mb/system.xml -pe mb0 test0.elf 

ELF file	: test0.elf
elfcheck passed.
'Finished building: test0.elf.elfcheck'
' '

21:06:14 Build Finished (took 1s.703ms)

